// Jest Snapshot v1, https://goo.gl/fbAQLP

exports[`<GifGridItem> group should render ok 1`] = `
<div
  className="card animate__animated animate__fadeIn"
>
  <img
    alt="A title"
    src="https://localhost/some.jpg"
  />
  <p>
    A title
  </p>
</div>
`;
